EN pic24 NULL C:/Users/Virtual/Desktop/Proiect_I/PIC24/PIC24.vhf sub00/vhpl06 1767908174
AR file_regs behavioral C:/Users/Virtual/Desktop/Proiect_I/PIC24/File_Regs.vhd sub00/vhpl11 1767735040
AR alu behavioral C:/Users/Virtual/Desktop/Proiect_I/PIC24/ALU.vhd sub00/vhpl13 1767735030
EN datamem NULL C:/Users/Virtual/Desktop/Proiect_I/PIC24/DataMem.vhd sub00/vhpl14 1767735033
AR mux2v16 behavioral C:/Users/Virtual/Desktop/Proiect_I/PIC24/MUX2V16.vhd sub00/vhpl19 1767735026
EN file_regs NULL C:/Users/Virtual/Desktop/Proiect_I/PIC24/File_Regs.vhd sub00/vhpl10 1767735039
EN mux2v5 NULL C:/Users/Virtual/Desktop/Proiect_I/PIC24/MUX2V5.vhd sub00/vhpl08 1767735027
EN rom32x24 NULL C:/Users/Virtual/Desktop/Proiect_I/PIC24/ROM32x24_N_FLAG.vhd sub00/vhpl04 1767735041
AR pic24 behavioral C:/Users/Virtual/Desktop/Proiect_I/PIC24/PIC24.vhf sub00/vhpl07 1767908175
EN pc_update NULL C:/Users/Virtual/Desktop/Proiect_I/PIC24/PC_Update.vhd sub00/vhpl00 1767735035
AR ctrl behavioral C:/Users/Virtual/Desktop/Proiect_I/PIC24/ctrl.vhd sub00/vhpl17 1767735032
EN progcnt NULL C:/Users/Virtual/Desktop/Proiect_I/PIC24/ProgCnt.vhd sub00/vhpl01 1767735037
EN ctrl NULL C:/Users/Virtual/Desktop/Proiect_I/PIC24/ctrl.vhd sub00/vhpl16 1767735031
AR rom32x24 behavioral C:/Users/Virtual/Desktop/Proiect_I/PIC24/ROM32x24_N_FLAG.vhd sub00/vhpl05 1767735042
AR progcnt behavioral C:/Users/Virtual/Desktop/Proiect_I/PIC24/ProgCnt.vhd sub00/vhpl02 1767735038
EN mux2v16 NULL C:/Users/Virtual/Desktop/Proiect_I/PIC24/MUX2V16.vhd sub00/vhpl18 1767735025
AR datamem behavioral C:/Users/Virtual/Desktop/Proiect_I/PIC24/DataMem.vhd sub00/vhpl15 1767735034
AR mux2v5 behavioral C:/Users/Virtual/Desktop/Proiect_I/PIC24/MUX2V5.vhd sub00/vhpl09 1767735028
AR pc_update behavioral C:/Users/Virtual/Desktop/Proiect_I/PIC24/PC_Update.vhd sub00/vhpl03 1767735036
EN alu NULL C:/Users/Virtual/Desktop/Proiect_I/PIC24/ALU.vhd sub00/vhpl12 1767735029
